<?xml version="1.0" encoding="UTF-8"?>
<config xmlns="http://www.knime.org/2008/09/XMLConfig" xmlns:xsi="http://www.w3.org/2001/XMLSchema-instance" xsi:schemaLocation="http://www.knime.org/2008/09/XMLConfig http://www.knime.org/XMLConfig_2008_09.xsd" key="test">
    <entry key="columnselection" type="xstring" value=""/>
    <entry key="authority" type="xboolean" value="false"/>
    <entry key="fragment" type="xboolean" value="false"/>
    <entry key="Host" type="xboolean" value="false"/>
    <entry key="path" type="xboolean" value="false"/>
    <entry key="port" type="xboolean" value="false"/>
    <entry key="query" type="xboolean" value="false"/>
    <entry key="scheme" type="xboolean" value="false"/>
    <entry key="userinfo" type="xboolean" value="false"/>
</config>
